# 4-print_square.txt

============================
How to Use 4-print_square.py
============================

This module contains a function called `print_square` that can be used to print a square.

Usage
=====

The `print_square` function takes one argument: `size`. It prints a square using the `#` character, with the height and width determined by the `size` parameter.

Example usage:

```python
>>> from print_square import print_square
>>> print_square(4)
####
####
####
####
```

If the `size` argument is 0, the function will print nothing.

```python
>>> print_square(0)
```

Invalid Sizes
=============

The `size` parameter must be an integer. Otherwise, a `TypeError` will be raised.

Example:

```python
>>> print_square("not an int")
Traceback (most recent call last):
  File "<stdin>", line 1, in <module>
  File "print_square.py", line 6, in print_square
    raise TypeError("size must be an integer")
TypeError: size must be an integer
```

If the `size` argument is less than 0, a `ValueError` will be raised.

Example:

```python
>>> print_square(-7)
Traceback (most recent call last):
  File "<stdin>", line 1, in <module>
  File "print_square.py", line 9, in print_square
    raise ValueError("size must be >= 0")
ValueError: size must be >= 0
```
Additionally, if the `size` argument is not provided, a `TypeError` will be raised.

Example:

```python
>>> print_square()
Traceback (most recent call last):
  File "<stdin>", line 1, in <module>
TypeError: print_square() missing 1 required positional argument: 'size'
```
